http://www.nature.com/nature/journal/v440/n7083/otmi/otmi-440383a.xml
http://www.nature.com/nature/journal/v440/n7083/otmi/otmi-440383b.xml
http://www.nature.com/nature/journal/v440/n7083/otmi/otmi-440384a.xml
http://www.nature.com/nature/journal/v440/n7083/otmi/otmi-440386a.xml
http://www.nature.com/nature/journal/v440/n7083/otmi/otmi-440388a.xml
http://www.nature.com/nature/journal/v440/n7083/otmi/otmi-440389a.xml
http://www.nature.com/nature/journal/v440/n7083/otmi/otmi-440390a.xml
http://www.nature.com/nature/journal/v440/n7083/otmi/otmi-440390b.xml
http://www.nature.com/nature/journal/v440/n7083/otmi/otmi-440390c.xml
http://www.nature.com/nature/journal/v440/n7083/otmi/otmi-440393a.xml
http://www.nature.com/nature/journal/v440/n7083/otmi/otmi-440395a.xml
http://www.nature.com/nature/journal/v440/n7083/otmi/otmi-440396a.xml
http://www.nature.com/nature/journal/v440/n7083/otmi/otmi-440398a.xml
http://www.nature.com/nature/journal/v440/n7083/otmi/otmi-440399a.xml
http://www.nature.com/nature/journal/v440/n7083/otmi/otmi-440402a.xml
http://www.nature.com/nature/journal/v440/n7083/otmi/otmi-440406a.xml
http://www.nature.com/nature/journal/v440/n7083/otmi/otmi-440407a.xml
http://www.nature.com/nature/journal/v440/n7083/otmi/otmi-440407b.xml
http://www.nature.com/nature/journal/v440/n7083/otmi/otmi-440408a.xml
http://www.nature.com/nature/journal/v440/n7083/otmi/otmi-440408b.xml
http://www.nature.com/nature/journal/v440/n7083/otmi/otmi-440408c.xml
http://www.nature.com/nature/journal/v440/n7083/otmi/otmi-440408d.xml
http://www.nature.com/nature/journal/v440/n7083/otmi/otmi-440409a.xml
http://www.nature.com/nature/journal/v440/n7083/otmi/otmi-440411a.xml
http://www.nature.com/nature/journal/v440/n7083/otmi/otmi-440413a.xml
http://www.nature.com/nature/journal/v440/n7083/otmi/otmi-440416a.xml
http://www.nature.com/nature/journal/v440/n7083/otmi/otmi-440419a.xml
http://www.nature.com/nature/journal/v440/n7083/otmi/otmi-440421a.xml
http://www.nature.com/nature/journal/v440/n7083/otmi/otmi-440422a.xml
http://www.nature.com/nature/journal/v440/n7083/otmi/otmi-440423a.xml
http://www.nature.com/nature/journal/v440/n7083/otmi/otmi-440423b.xml
http://www.nature.com/nature/journal/v440/n7083/otmi/otmi-440424a.xml
http://www.nature.com/nature/journal/v440/n7083/otmi/otmi-440425a.xml
http://www.nature.com/nature/journal/v440/n7083/otmi/otmi-440426a.xml
http://www.nature.com/nature/journal/v440/n7083/otmi/otmi-440427a.xml
http://www.nature.com/nature/journal/v440/n7083/otmi/otmi-440429a.xml
http://www.nature.com/nature/journal/v440/n7083/otmi/otmi-440430a.xml
http://www.nature.com/nature/journal/v440/n7083/otmi/otmi-440431a.xml
http://www.nature.com/nature/journal/v440/n7083/otmi/otmi-440433a.xml
http://www.nature.com/nature/journal/v440/n7083/otmi/otmi-440434a.xml
http://www.nature.com/nature/journal/v440/n7083/otmi/otmi-440435a.xml
http://www.nature.com/nature/journal/v440/n7083/otmi/otmi-440436a.xml
http://www.nature.com/nature/journal/v440/n7083/otmi/otmi-440437a.xml
http://www.nature.com/nature/journal/v440/n7083/otmi/otmi-440439a.xml
http://www.nature.com/nature/journal/v440/n7083/otmi/otmi-nature04707.xml
http://www.nature.com/nature/journal/v440/n7083/otmi/otmi-nature04708.xml
http://www.nature.com/nature/journal/v440/n7083/otmi/otmi-nature04709.xml
http://www.nature.com/nature/journal/v440/n7083/otmi/otmi-nature04710.xml
http://www.nature.com/nature/journal/v440/n7083/otmi/otmi-nature04711.xml
http://www.nature.com/nature/journal/v440/n7083/otmi/otmi-nature04712.xml
http://www.nature.com/nature/journal/v440/n7083/otmi/otmi-nature04713.xml
http://www.nature.com/nature/journal/v440/n7083/otmi/otmi-nature04614.xml
http://www.nature.com/nature/journal/v440/n7083/otmi/otmi-nature04632.xml
http://www.nature.com/nature/journal/v440/n7083/otmi/otmi-nature04580.xml
http://www.nature.com/nature/journal/v440/n7083/otmi/otmi-nature04558.xml
http://www.nature.com/nature/journal/v440/n7083/otmi/otmi-nature04594.xml
http://www.nature.com/nature/journal/v440/n7083/otmi/otmi-nature04635.xml
http://www.nature.com/nature/journal/v440/n7083/otmi/otmi-nature04584.xml
http://www.nature.com/nature/journal/v440/n7083/otmi/otmi-nature04389.xml
http://www.nature.com/nature/journal/v440/n7083/otmi/otmi-nature04402.xml
http://www.nature.com/nature/journal/v440/n7083/otmi/otmi-nature04543.xml
http://www.nature.com/nature/journal/v440/n7083/otmi/otmi-nature04567.xml
http://www.nature.com/nature/journal/v440/n7083/otmi/otmi-nature04606.xml
http://www.nature.com/nature/journal/v440/n7083/otmi/otmi-nature04588.xml
http://www.nature.com/nature/journal/v440/n7083/otmi/otmi-nature04600.xml
http://www.nature.com/nature/journal/v440/n7083/otmi/otmi-nature04518.xml
http://www.nature.com/nature/journal/v440/n7083/otmi/otmi-nature04530.xml
http://www.nature.com/nature/journal/v440/n7083/otmi/otmi-nature04409.xml
http://www.nature.com/nature/journal/v440/n7083/otmi/otmi-nature04508.xml
http://www.nature.com/nature/journal/v440/n7083/otmi/otmi-440580a.xml
